Archive member included to satisfy reference by file (symbol)

/home/mark/st/stm32cubeide_1.18.0_3/plugins/com.st.stm32cube.ide.mcu.externaltools.gnu-tools-for-stm32.13.3.rel1.linux64_1.0.0.202410170706/tools/bin/../lib/gcc/arm-none-eabi/13.3.1/../../../../arm-none-eabi/lib/thumb/v7-m/nofp/libc_nano.a(libc_a-exit.o)
                              /home/mark/st/stm32cubeide_1.18.0_3/plugins/com.st.stm32cube.ide.mcu.externaltools.gnu-tools-for-stm32.13.3.rel1.linux64_1.0.0.202410170706/tools/bin/../lib/gcc/arm-none-eabi/13.3.1/../../../../arm-none-eabi/lib/thumb/v7-m/nofp/crt0.o (exit)
/home/mark/st/stm32cubeide_1.18.0_3/plugins/com.st.stm32cube.ide.mcu.externaltools.gnu-tools-for-stm32.13.3.rel1.linux64_1.0.0.202410170706/tools/bin/../lib/gcc/arm-none-eabi/13.3.1/../../../../arm-none-eabi/lib/thumb/v7-m/nofp/libc_nano.a(libc_a-findfp.o)
                              /home/mark/st/stm32cubeide_1.18.0_3/plugins/com.st.stm32cube.ide.mcu.externaltools.gnu-tools-for-stm32.13.3.rel1.linux64_1.0.0.202410170706/tools/bin/../lib/gcc/arm-none-eabi/13.3.1/../../../../arm-none-eabi/lib/thumb/v7-m/nofp/libc_nano.a(libc_a-exit.o) (__stdio_exit_handler)
/home/mark/st/stm32cubeide_1.18.0_3/plugins/com.st.stm32cube.ide.mcu.externaltools.gnu-tools-for-stm32.13.3.rel1.linux64_1.0.0.202410170706/tools/bin/../lib/gcc/arm-none-eabi/13.3.1/../../../../arm-none-eabi/lib/thumb/v7-m/nofp/libc_nano.a(libc_a-fwalk.o)
                              /home/mark/st/stm32cubeide_1.18.0_3/plugins/com.st.stm32cube.ide.mcu.externaltools.gnu-tools-for-stm32.13.3.rel1.linux64_1.0.0.202410170706/tools/bin/../lib/gcc/arm-none-eabi/13.3.1/../../../../arm-none-eabi/lib/thumb/v7-m/nofp/libc_nano.a(libc_a-findfp.o) (_fwalk_sglue)
/home/mark/st/stm32cubeide_1.18.0_3/plugins/com.st.stm32cube.ide.mcu.externaltools.gnu-tools-for-stm32.13.3.rel1.linux64_1.0.0.202410170706/tools/bin/../lib/gcc/arm-none-eabi/13.3.1/../../../../arm-none-eabi/lib/thumb/v7-m/nofp/libc_nano.a(libc_a-stdio.o)
                              /home/mark/st/stm32cubeide_1.18.0_3/plugins/com.st.stm32cube.ide.mcu.externaltools.gnu-tools-for-stm32.13.3.rel1.linux64_1.0.0.202410170706/tools/bin/../lib/gcc/arm-none-eabi/13.3.1/../../../../arm-none-eabi/lib/thumb/v7-m/nofp/libc_nano.a(libc_a-findfp.o) (__sread)
/home/mark/st/stm32cubeide_1.18.0_3/plugins/com.st.stm32cube.ide.mcu.externaltools.gnu-tools-for-stm32.13.3.rel1.linux64_1.0.0.202410170706/tools/bin/../lib/gcc/arm-none-eabi/13.3.1/../../../../arm-none-eabi/lib/thumb/v7-m/nofp/libc_nano.a(libc_a-memset.o)
                              /home/mark/st/stm32cubeide_1.18.0_3/plugins/com.st.stm32cube.ide.mcu.externaltools.gnu-tools-for-stm32.13.3.rel1.linux64_1.0.0.202410170706/tools/bin/../lib/gcc/arm-none-eabi/13.3.1/../../../../arm-none-eabi/lib/thumb/v7-m/nofp/crt0.o (memset)
/home/mark/st/stm32cubeide_1.18.0_3/plugins/com.st.stm32cube.ide.mcu.externaltools.gnu-tools-for-stm32.13.3.rel1.linux64_1.0.0.202410170706/tools/bin/../lib/gcc/arm-none-eabi/13.3.1/../../../../arm-none-eabi/lib/thumb/v7-m/nofp/libc_nano.a(libc_a-closer.o)
                              /home/mark/st/stm32cubeide_1.18.0_3/plugins/com.st.stm32cube.ide.mcu.externaltools.gnu-tools-for-stm32.13.3.rel1.linux64_1.0.0.202410170706/tools/bin/../lib/gcc/arm-none-eabi/13.3.1/../../../../arm-none-eabi/lib/thumb/v7-m/nofp/libc_nano.a(libc_a-stdio.o) (_close_r)
/home/mark/st/stm32cubeide_1.18.0_3/plugins/com.st.stm32cube.ide.mcu.externaltools.gnu-tools-for-stm32.13.3.rel1.linux64_1.0.0.202410170706/tools/bin/../lib/gcc/arm-none-eabi/13.3.1/../../../../arm-none-eabi/lib/thumb/v7-m/nofp/libc_nano.a(libc_a-reent.o)
                              /home/mark/st/stm32cubeide_1.18.0_3/plugins/com.st.stm32cube.ide.mcu.externaltools.gnu-tools-for-stm32.13.3.rel1.linux64_1.0.0.202410170706/tools/bin/../lib/gcc/arm-none-eabi/13.3.1/../../../../arm-none-eabi/lib/thumb/v7-m/nofp/libc_nano.a(libc_a-closer.o) (errno)
/home/mark/st/stm32cubeide_1.18.0_3/plugins/com.st.stm32cube.ide.mcu.externaltools.gnu-tools-for-stm32.13.3.rel1.linux64_1.0.0.202410170706/tools/bin/../lib/gcc/arm-none-eabi/13.3.1/../../../../arm-none-eabi/lib/thumb/v7-m/nofp/libc_nano.a(libc_a-impure.o)
                              /home/mark/st/stm32cubeide_1.18.0_3/plugins/com.st.stm32cube.ide.mcu.externaltools.gnu-tools-for-stm32.13.3.rel1.linux64_1.0.0.202410170706/tools/bin/../lib/gcc/arm-none-eabi/13.3.1/../../../../arm-none-eabi/lib/thumb/v7-m/nofp/libc_nano.a(libc_a-reent.o) (_impure_ptr)
/home/mark/st/stm32cubeide_1.18.0_3/plugins/com.st.stm32cube.ide.mcu.externaltools.gnu-tools-for-stm32.13.3.rel1.linux64_1.0.0.202410170706/tools/bin/../lib/gcc/arm-none-eabi/13.3.1/../../../../arm-none-eabi/lib/thumb/v7-m/nofp/libc_nano.a(libc_a-lseekr.o)
[...]
Memory Configuration

Name             Origin             Length             Attributes
RAM              0x20000000         0x00002800         xrw
FLASH            0x08000000         0x00008000         xr
*default*        0x00000000         0xffffffff

Linker script and memory map

LOAD /home/mark/st/stm32cubeide_1.18.0_3/plugins/com.st.stm32cube.ide.mcu.externaltools.gnu-tools-for-stm32.13.3.rel1.linux64_1.0.0.202410170706/tools/bin/../lib/gcc/arm-none-eabi/13.3.1/thumb/v7-m/nofp/crti.o
LOAD /home/mark/st/stm32cubeide_1.18.0_3/plugins/com.st.stm32cube.ide.mcu.externaltools.gnu-tools-for-stm32.13.3.rel1.linux64_1.0.0.202410170706/tools/bin/../lib/gcc/arm-none-eabi/13.3.1/thumb/v7-m/nofp/crtbegin.o
LOAD /home/mark/st/stm32cubeide_1.18.0_3/plugins/com.st.stm32cube.ide.mcu.externaltools.gnu-tools-for-stm32.13.3.rel1.linux64_1.0.0.202410170706/tools/bin/../lib/gcc/arm-none-eabi/13.3.1/../../../../arm-none-eabi/lib/thumb/v7-m/nofp/crt0.o
LOAD ./Core/Src/gpio.o
LOAD ./Core/Src/main.o
LOAD ./Core/Src/spi.o
LOAD ./Core/Src/stm32f1xx_hal_msp.o
LOAD ./Core/Src/stm32f1xx_it.o
LOAD ./Core/Src/syscalls.o
LOAD ./Core/Src/sysmem.o
LOAD ./Core/Src/system_stm32f1xx.o
LOAD ./Core/Src/tim.o
LOAD ./Core/Src/usart.o
LOAD ./Core/Startup/startup_stm32f103c6tx.o
LOAD ./Drivers/STM32F1xx_HAL_Driver/Src/stm32f1xx_hal.o
LOAD ./Drivers/STM32F1xx_HAL_Driver/Src/stm32f1xx_hal_cortex.o
LOAD ./Drivers/STM32F1xx_HAL_Driver/Src/stm32f1xx_hal_dma.o
LOAD ./Drivers/STM32F1xx_HAL_Driver/Src/stm32f1xx_hal_exti.o
LOAD ./Drivers/STM32F1xx_HAL_Driver/Src/stm32f1xx_hal_flash.o
LOAD ./Drivers/STM32F1xx_HAL_Driver/Src/stm32f1xx_hal_flash_ex.o
LOAD ./Drivers/STM32F1xx_HAL_Driver/Src/stm32f1xx_hal_gpio.o
LOAD ./Drivers/STM32F1xx_HAL_Driver/Src/stm32f1xx_hal_gpio_ex.o
LOAD ./Drivers/STM32F1xx_HAL_Driver/Src/stm32f1xx_hal_pwr.o
LOAD ./Drivers/STM32F1xx_HAL_Driver/Src/stm32f1xx_hal_rcc.o
LOAD ./Drivers/STM32F1xx_HAL_Driver/Src/stm32f1xx_hal_rcc_ex.o
LOAD ./Drivers/STM32F1xx_HAL_Driver/Src/stm32f1xx_hal_spi.o
LOAD ./Drivers/STM32F1xx_HAL_Driver/Src/stm32f1xx_hal_tim.o
LOAD ./Drivers/STM32F1xx_HAL_Driver/Src/stm32f1xx_hal_tim_ex.o
LOAD ./Drivers/STM32F1xx_HAL_Driver/Src/stm32f1xx_hal_uart.o
START GROUP
LOAD /home/mark/st/stm32cubeide_1.18.0_3/plugins/com.st.stm32cube.ide.mcu.externaltools.gnu-tools-for-stm32.13.3.rel1.linux64_1.0.0.202410170706/tools/bin/../lib/gcc/arm-none-eabi/13.3.1/../../../../arm-none-eabi/lib/thumb/v7-m/nofp/libc_nano.a
LOAD /home/mark/st/stm32cubeide_1.18.0_3/plugins/com.st.stm32cube.ide.mcu.externaltools.gnu-tools-for-stm32.13.3.rel1.linux64_1.0.0.202410170706/tools/bin/../lib/gcc/arm-none-eabi/13.3.1/../../../../arm-none-eabi/lib/thumb/v7-m/nofp/libm.a
END GROUP
START GROUP
LOAD /home/mark/st/stm32cubeide_1.18.0_3/plugins/com.st.stm32cube.ide.mcu.externaltools.gnu-tools-for-stm32.13.3.rel1.linux64_1.0.0.202410170706/tools/bin/../lib/gcc/arm-none-eabi/13.3.1/thumb/v7-m/nofp/libgcc.a
LOAD /home/mark/st/stm32cubeide_1.18.0_3/plugins/com.st.stm32cube.ide.mcu.externaltools.gnu-tools-for-stm32.13.3.rel1.linux64_1.0.0.202410170706/tools/bin/../lib/gcc/arm-none-eabi/13.3.1/../../../../arm-none-eabi/lib/thumb/v7-m/nofp/libc_nano.a
END GROUP
START GROUP
LOAD /home/mark/st/stm32cubeide_1.18.0_3/plugins/com.st.stm32cube.ide.mcu.externaltools.gnu-tools-for-stm32.13.3.rel1.linux64_1.0.0.202410170706/tools/bin/../lib/gcc/arm-none-eabi/13.3.1/thumb/v7-m/nofp/libgcc.a
LOAD /home/mark/st/stm32cubeide_1.18.0_3/plugins/com.st.stm32cube.ide.mcu.externaltools.gnu-tools-for-stm32.13.3.rel1.linux64_1.0.0.202410170706/tools/bin/../lib/gcc/arm-none-eabi/13.3.1/../../../../arm-none-eabi/lib/thumb/v7-m/nofp/libc_nano.a
LOAD /home/mark/st/stm32cubeide_1.18.0_3/plugins/com.st.stm32cube.ide.mcu.externaltools.gnu-tools-for-stm32.13.3.rel1.linux64_1.0.0.202410170706/tools/bin/../lib/gcc/arm-none-eabi/13.3.1/../../../../arm-none-eabi/lib/thumb/v7-m/nofp/libnosys.a
END GROUP
START GROUP
LOAD /home/mark/st/stm32cubeide_1.18.0_3/plugins/com.st.stm32cube.ide.mcu.externaltools.gnu-tools-for-stm32.13.3.rel1.linux64_1.0.0.202410170706/tools/bin/../lib/gcc/arm-none-eabi/13.3.1/thumb/v7-m/nofp/libgcc.a
LOAD /home/mark/st/stm32cubeide_1.18.0_3/plugins/com.st.stm32cube.ide.mcu.externaltools.gnu-tools-for-stm32.13.3.rel1.linux64_1.0.0.202410170706/tools/bin/../lib/gcc/arm-none-eabi/13.3.1/../../../../arm-none-eabi/lib/thumb/v7-m/nofp/libc_nano.a
LOAD /home/mark/st/stm32cubeide_1.18.0_3/plugins/com.st.stm32cube.ide.mcu.externaltools.gnu-tools-for-stm32.13.3.rel1.linux64_1.0.0.202410170706/tools/bin/../lib/gcc/arm-none-eabi/13.3.1/../../../../arm-none-eabi/lib/thumb/v7-m/nofp/libnosys.a
END GROUP
LOAD /home/mark/st/stm32cubeide_1.18.0_3/plugins/com.st.stm32cube.ide.mcu.externaltools.gnu-tools-for-stm32.13.3.rel1.linux64_1.0.0.202410170706/tools/bin/../lib/gcc/arm-none-eabi/13.3.1/thumb/v7-m/nofp/crtend.o
LOAD /home/mark/st/stm32cubeide_1.18.0_3/plugins/com.st.stm32cube.ide.mcu.externaltools.gnu-tools-for-stm32.13.3.rel1.linux64_1.0.0.202410170706/tools/bin/../lib/gcc/arm-none-eabi/13.3.1/thumb/v7-m/nofp/crtn.o
                0x20002800                        _estack = (ORIGIN (RAM) + LENGTH (RAM))
                0x00000200                        _Min_Heap_Size = 0x200
                0x00000400                        _Min_Stack_Size = 0x400

.isr_vector     0x08000000      0x10c
                0x08000000                        . = ALIGN (0x4)
 *(.isr_vector)
 .isr_vector    0x08000000      0x10c ./Core/Startup/startup_stm32f103c6tx.o
                0x08000000                g_pfnVectors
                0x0800010c                        . = ALIGN (0x4)

.text           0x0800010c     0x396c
                0x0800010c                        . = ALIGN (0x4)
 *(.text)
 .text          0x0800010c       0x40 /home/mark/st/stm32cubeide_1.18.0_3/plugins/com.st.stm32cube.ide.mcu.externaltools.gnu-tools-for-stm32.13.3.rel1.linux64_1.0.0.202410170706/tools/bin/../lib/gcc/arm-none-eabi/13.3.1/thumb/v7-m/nofp/crtbegin.o
 *(.text*)
 .text.MX_GPIO_Init
                0x0800014c      0x108 ./Core/Src/gpio.o
                0x0800014c                MX_GPIO_Init
 .text.max7219_SendData
                0x08000254       0x4c ./Core/Src/main.o
                0x08000254                max7219_SendData
 .text.clear    0x080002a0       0x32 ./Core/Src/main.o
                0x080002a0                clear
 *fill*         0x080002d2        0x2 
 .text.max7219_DisplayDigit
                0x080002d4      0x200 ./Core/Src/main.o
                0x080002d4                max7219_DisplayDigit
 .text.MAX7219_INIT
                0x080004d4       0x22 ./Core/Src/main.o
                0x080004d4                MAX7219_INIT
 *fill*         0x080004f6        0x2 
 .text.main     0x080004f8       0x38 ./Core/Src/main.o
                0x080004f8                main
 .text.SystemClock_Config
                0x08000530       0x8a ./Core/Src/main.o
                0x08000530                SystemClock_Config
 *fill*         0x080005ba        0x2 
 .text.HAL_GPIO_EXTI_Callback
                0x080005bc       0x94 ./Core/Src/main.o
                0x080005bc                HAL_GPIO_EXTI_Callback
 .text.Error_Handler
                0x08000650        0xc ./Core/Src/main.o
                0x08000650                Error_Handler
 .text.MX_SPI1_Init
                0x0800065c       0x6c ./Core/Src/spi.o
                0x0800065c                MX_SPI1_Init
 .text.HAL_SPI_MspInit
                0x080006c8       0xa4 ./Core/Src/spi.o
                0x080006c8                HAL_SPI_MspInit
 .text.HAL_MspInit
                0x0800076c       0x64 ./Core/Src/stm32f1xx_hal_msp.o
                0x0800076c                HAL_MspInit
 .text.NMI_Handler
                0x080007d0        0x8 ./Core/Src/stm32f1xx_it.o
                0x080007d0                NMI_Handler
 .text.HardFault_Handler
                0x080007d8        0x8 ./Core/Src/stm32f1xx_it.o
                0x080007d8                HardFault_Handler
 .text.MemManage_Handler
                0x080007e0        0x8 ./Core/Src/stm32f1xx_it.o
                0x080007e0                MemManage_Handler
 .text.BusFault_Handler
                0x080007e8        0x8 ./Core/Src/stm32f1xx_it.o
                0x080007e8                BusFault_Handler
 .text.UsageFault_Handler
                0x080007f0        0x8 ./Core/Src/stm32f1xx_it.o
                0x080007f0                UsageFault_Handler
 .text.SVC_Handler
                0x080007f8        0xc ./Core/Src/stm32f1xx_it.o
                0x080007f8                SVC_Handler
 .text.DebugMon_Handler
                0x08000804        0xc ./Core/Src/stm32f1xx_it.o
                0x08000804                DebugMon_Handler
 .text.PendSV_Handler
                0x08000810        0xc ./Core/Src/stm32f1xx_it.o
                0x08000810                PendSV_Handler
 .text.SysTick_Handler
                0x0800081c        0xc ./Core/Src/stm32f1xx_it.o
                0x0800081c                SysTick_Handler
 .text.TIM1_UP_IRQHandler
                0x08000828       0x14 ./Core/Src/stm32f1xx_it.o
                0x08000828                TIM1_UP_IRQHandler
 .text.TIM1_CC_IRQHandler
                0x0800083c       0x14 ./Core/Src/stm32f1xx_it.o
                0x0800083c                TIM1_CC_IRQHandler
 .text.SPI1_IRQHandler
                0x08000850       0x14 ./Core/Src/stm32f1xx_it.o
                0x08000850                SPI1_IRQHandler
 .text.USART1_IRQHandler
                0x08000864       0x14 ./Core/Src/stm32f1xx_it.o
                0x08000864                USART1_IRQHandler
 .text.EXTI15_10_IRQHandler
                0x08000878       0x10 ./Core/Src/stm32f1xx_it.o
                0x08000878                EXTI15_10_IRQHandler
 .text.SystemInit
                0x08000888        0xc ./Core/Src/system_stm32f1xx.o
                0x08000888                SystemInit
 .text.MX_TIM1_Init
                0x08000894      0x144 ./Core/Src/tim.o
                0x08000894                MX_TIM1_Init
 .text.HAL_TIM_Base_MspInit
                0x080009d8       0x5c ./Core/Src/tim.o
                0x080009d8                HAL_TIM_Base_MspInit
 .text.HAL_TIM_MspPostInit
                0x08000a34       0x68 ./Core/Src/tim.o
                0x08000a34                HAL_TIM_MspPostInit
 .text.MX_USART1_UART_Init
                0x08000a9c       0x54 ./Core/Src/usart.o
                0x08000a9c                MX_USART1_UART_Init
 .text.HAL_UART_MspInit
                0x08000af0       0xa8 ./Core/Src/usart.o
                0x08000af0                HAL_UART_MspInit
 .text.Reset_Handler
                0x08000b98       0x48 ./Core/Startup/startup_stm32f103c6tx.o
                0x08000b98                Reset_Handler
 .text.Default_Handler
                0x08000be0        0x2 ./Core/Startup/startup_stm32f103c6tx.o
                0x08000be0                RTC_Alarm_IRQHandler
                0x08000be0                EXTI2_IRQHandler
                0x08000be0                PVD_IRQHandler
                0x08000be0                EXTI3_IRQHandler
                0x08000be0                EXTI0_IRQHandler
                0x08000be0                ADC1_2_IRQHandler
                0x08000be0                TAMPER_IRQHandler
                0x08000be0                DMA1_Channel4_IRQHandler
                0x08000be0                RTC_IRQHandler
                0x08000be0                DMA1_Channel7_IRQHandler
                0x08000be0                CAN1_RX1_IRQHandler
                0x08000be0                I2C1_EV_IRQHandler
                0x08000be0                DMA1_Channel6_IRQHandler
                0x08000be0                TIM3_IRQHandler
                0x08000be0                RCC_IRQHandler
                0x08000be0                TIM1_TRG_COM_IRQHandler
                0x08000be0                DMA1_Channel1_IRQHandler
                0x08000be0                Default_Handler
                0x08000be0                EXTI9_5_IRQHandler
                0x08000be0                DMA1_Channel5_IRQHandler
                0x08000be0                EXTI4_IRQHandler
                0x08000be0                USB_LP_CAN1_RX0_IRQHandler
                0x08000be0                USB_HP_CAN1_TX_IRQHandler
                0x08000be0                DMA1_Channel3_IRQHandler
                0x08000be0                WWDG_IRQHandler
                0x08000be0                TIM2_IRQHandler
                0x08000be0                TIM1_BRK_IRQHandler
                0x08000be0                EXTI1_IRQHandler
                0x08000be0                USART2_IRQHandler
                0x08000be0                DMA1_Channel2_IRQHandler
                0x08000be0                CAN1_SCE_IRQHandler
                0x08000be0                FLASH_IRQHandler
                0x08000be0                I2C1_ER_IRQHandler
                0x08000be0                USBWakeUp_IRQHandler
 *fill*         0x08000be2        0x2 
 .text.HAL_Init
                0x08000be4       0x2c ./Drivers/STM32F1xx_HAL_Driver/Src/stm32f1xx_hal.o
                0x08000be4                HAL_Init
 .text.HAL_InitTick
                0x08000c10       0x60 ./Drivers/STM32F1xx_HAL_Driver/Src/stm32f1xx_hal.o
                0x08000c10                HAL_InitTick
 .text.HAL_IncTick
                0x08000c70       0x24 ./Drivers/STM32F1xx_HAL_Driver/Src/stm32f1xx_hal.o
                0x08000c70                HAL_IncTick
 .text.HAL_GetTick
                0x08000c94       0x14 ./Drivers/STM32F1xx_HAL_Driver/Src/stm32f1xx_hal.o
                0x08000c94                HAL_GetTick
 .text.__NVIC_SetPriorityGrouping
                0x08000ca8       0x48 ./Drivers/STM32F1xx_HAL_Driver/Src/stm32f1xx_hal_cortex.o
 .text.__NVIC_GetPriorityGrouping
                0x08000cf0       0x1c ./Drivers/STM32F1xx_HAL_Driver/Src/stm32f1xx_hal_cortex.o
 .text.__NVIC_EnableIRQ
                0x08000d0c       0x38 ./Drivers/STM32F1xx_HAL_Driver/Src/stm32f1xx_hal_cortex.o
 .text.__NVIC_SetPriority
                0x08000d44       0x54 ./Drivers/STM32F1xx_HAL_Driver/Src/stm32f1xx_hal_cortex.o
 .text.NVIC_EncodePriority
                0x08000d98       0x64 ./Drivers/STM32F1xx_HAL_Driver/Src/stm32f1xx_hal_cortex.o
 .text.SysTick_Config
                0x08000dfc       0x44 ./Drivers/STM32F1xx_HAL_Driver/Src/stm32f1xx_hal_cortex.o
 .text.HAL_NVIC_SetPriorityGrouping
                0x08000e40       0x16 ./Drivers/STM32F1xx_HAL_Driver/Src/stm32f1xx_hal_cortex.o
                0x08000e40                HAL_NVIC_SetPriorityGrouping
 .text.HAL_NVIC_SetPriority
                0x08000e56       0x38 ./Drivers/STM32F1xx_HAL_Driver/Src/stm32f1xx_hal_cortex.o
                0x08000e56                HAL_NVIC_SetPriority
 .text.HAL_NVIC_EnableIRQ
                0x08000e8e       0x1c ./Drivers/STM32F1xx_HAL_Driver/Src/stm32f1xx_hal_cortex.o
                0x08000e8e                HAL_NVIC_EnableIRQ
 .text.HAL_SYSTICK_Config
                0x08000eaa       0x18 ./Drivers/STM32F1xx_HAL_Driver/Src/stm32f1xx_hal_cortex.o
                0x08000eaa                HAL_SYSTICK_Config
 .text.HAL_DMA_Abort
                0x08000ec2       0x76 ./Drivers/STM32F1xx_HAL_Driver/Src/stm32f1xx_hal_dma.o
                0x08000ec2                HAL_DMA_Abort
 .text.HAL_DMA_Abort_IT
                0x08000f38       0xf0 ./Drivers/STM32F1xx_HAL_Driver/Src/stm32f1xx_hal_dma.o
                0x08000f38                HAL_DMA_Abort_IT
 .text.HAL_GPIO_Init
                0x08001028      0x2f8 ./Drivers/STM32F1xx_HAL_Driver/Src/stm32f1xx_hal_gpio.o
                0x08001028                HAL_GPIO_Init
 .text.HAL_GPIO_WritePin
                0x08001320       0x30 ./Drivers/STM32F1xx_HAL_Driver/Src/stm32f1xx_hal_gpio.o
                0x08001320                HAL_GPIO_WritePin
 .text.HAL_GPIO_EXTI_IRQHandler
                0x08001350       0x30 ./Drivers/STM32F1xx_HAL_Driver/Src/stm32f1xx_hal_gpio.o
                0x08001350                HAL_GPIO_EXTI_IRQHandler
 .text.HAL_RCC_OscConfig
                0x08001380      0x504 ./Drivers/STM32F1xx_HAL_Driver/Src/stm32f1xx_hal_rcc.o
                0x08001380                HAL_RCC_OscConfig
 .text.HAL_RCC_ClockConfig
                0x08001884      0x1d4 ./Drivers/STM32F1xx_HAL_Driver/Src/stm32f1xx_hal_rcc.o
                0x08001884                HAL_RCC_ClockConfig
 .text.HAL_RCC_GetSysClockFreq
                0x08001a58       0xa8 ./Drivers/STM32F1xx_HAL_Driver/Src/stm32f1xx_hal_rcc.o
                0x08001a58                HAL_RCC_GetSysClockFreq
 .text.HAL_RCC_GetHCLKFreq
                0x08001b00       0x14 ./Drivers/STM32F1xx_HAL_Driver/Src/stm32f1xx_hal_rcc.o
                0x08001b00                HAL_RCC_GetHCLKFreq
 .text.HAL_RCC_GetPCLK1Freq
                0x08001b14       0x28 ./Drivers/STM32F1xx_HAL_Driver/Src/stm32f1xx_hal_rcc.o
                0x08001b14                HAL_RCC_GetPCLK1Freq
 .text.HAL_RCC_GetPCLK2Freq
                0x08001b3c       0x28 ./Drivers/STM32F1xx_HAL_Driver/Src/stm32f1xx_hal_rcc.o
                0x08001b3c                HAL_RCC_GetPCLK2Freq
 .text.RCC_Delay
                0x08001b64       0x3c ./Drivers/STM32F1xx_HAL_Driver/Src/stm32f1xx_hal_rcc.o
 .text.HAL_SPI_Init
                0x08001ba0      0x108 ./Drivers/STM32F1xx_HAL_Driver/Src/stm32f1xx_hal_spi.o
                0x08001ba0                HAL_SPI_Init
 .text.HAL_SPI_Transmit_IT
                0x08001ca8      0x108 ./Drivers/STM32F1xx_HAL_Driver/Src/stm32f1xx_hal_spi.o
                0x08001ca8                HAL_SPI_Transmit_IT
 .text.HAL_SPI_IRQHandler
                0x08001db0      0x1cc ./Drivers/STM32F1xx_HAL_Driver/Src/stm32f1xx_hal_spi.o
                0x08001db0                HAL_SPI_IRQHandler
 .text.HAL_SPI_TxCpltCallback
                0x08001f7c       0x12 ./Drivers/STM32F1xx_HAL_Driver/Src/stm32f1xx_hal_spi.o
                0x08001f7c                HAL_SPI_TxCpltCallback
 .text.HAL_SPI_ErrorCallback
                0x08001f8e       0x12 ./Drivers/STM32F1xx_HAL_Driver/Src/stm32f1xx_hal_spi.o
                0x08001f8e                HAL_SPI_ErrorCallback
 .text.SPI_DMAAbortOnError
                0x08001fa0       0x28 ./Drivers/STM32F1xx_HAL_Driver/Src/stm32f1xx_hal_spi.o
 .text.SPI_TxISR_8BIT
                0x08001fc8       0x46 ./Drivers/STM32F1xx_HAL_Driver/Src/stm32f1xx_hal_spi.o
 .text.SPI_TxISR_16BIT
                0x0800200e       0x44 ./Drivers/STM32F1xx_HAL_Driver/Src/stm32f1xx_hal_spi.o
 *fill*         0x08002052        0x2 
 .text.SPI_WaitFlagStateUntilTimeout
                0x08002054      0x110 ./Drivers/STM32F1xx_HAL_Driver/Src/stm32f1xx_hal_spi.o
 .text.SPI_EndRxTxTransaction
                0x08002164       0x62 ./Drivers/STM32F1xx_HAL_Driver/Src/stm32f1xx_hal_spi.o
 *fill*         0x080021c6        0x2 
 .text.SPI_CloseTx_ISR
                0x080021c8       0xc4 ./Drivers/STM32F1xx_HAL_Driver/Src/stm32f1xx_hal_spi.o
 .text.HAL_TIM_Base_Init
                0x0800228c       0x9e ./Drivers/STM32F1xx_HAL_Driver/Src/stm32f1xx_hal_tim.o
                0x0800228c                HAL_TIM_Base_Init
 .text.HAL_TIM_PWM_Init
                0x0800232a       0x9e ./Drivers/STM32F1xx_HAL_Driver/Src/stm32f1xx_hal_tim.o
                0x0800232a                HAL_TIM_PWM_Init
 .text.HAL_TIM_PWM_MspInit
                0x080023c8       0x12 ./Drivers/STM32F1xx_HAL_Driver/Src/stm32f1xx_hal_tim.o
                0x080023c8                HAL_TIM_PWM_MspInit
 .text.HAL_TIM_IRQHandler
                0x080023da      0x1e0 ./Drivers/STM32F1xx_HAL_Driver/Src/stm32f1xx_hal_tim.o
                0x080023da                HAL_TIM_IRQHandler
 *fill*         0x080025ba        0x2 
 .text.HAL_TIM_PWM_ConfigChannel
                0x080025bc      0x184 ./Drivers/STM32F1xx_HAL_Driver/Src/stm32f1xx_hal_tim.o
                0x080025bc                HAL_TIM_PWM_ConfigChannel
 .text.HAL_TIM_ConfigClockSource
                0x08002740      0x18e ./Drivers/STM32F1xx_HAL_Driver/Src/stm32f1xx_hal_tim.o
                0x08002740                HAL_TIM_ConfigClockSource
 .text.HAL_TIM_PeriodElapsedCallback
                0x080028ce       0x12 ./Drivers/STM32F1xx_HAL_Driver/Src/stm32f1xx_hal_tim.o
                0x080028ce                HAL_TIM_PeriodElapsedCallback
 .text.HAL_TIM_OC_DelayElapsedCallback
                0x080028e0       0x12 ./Drivers/STM32F1xx_HAL_Driver/Src/stm32f1xx_hal_tim.o
                0x080028e0                HAL_TIM_OC_DelayElapsedCallback
 .text.HAL_TIM_IC_CaptureCallback
                0x080028f2       0x12 ./Drivers/STM32F1xx_HAL_Driver/Src/stm32f1xx_hal_tim.o
                0x080028f2                HAL_TIM_IC_CaptureCallback
 .text.HAL_TIM_PWM_PulseFinishedCallback
                0x08002904       0x12 ./Drivers/STM32F1xx_HAL_Driver/Src/stm32f1xx_hal_tim.o
                0x08002904                HAL_TIM_PWM_PulseFinishedCallback
 .text.HAL_TIM_TriggerCallback
                0x08002916       0x12 ./Drivers/STM32F1xx_HAL_Driver/Src/stm32f1xx_hal_tim.o
                0x08002916                HAL_TIM_TriggerCallback
 .text.TIM_Base_SetConfig
                0x08002928       0xc8 ./Drivers/STM32F1xx_HAL_Driver/Src/stm32f1xx_hal_tim.o
                0x08002928                TIM_Base_SetConfig
 .text.TIM_OC1_SetConfig
                0x080029f0       0xcc ./Drivers/STM32F1xx_HAL_Driver/Src/stm32f1xx_hal_tim.o
 .text.TIM_OC2_SetConfig
                0x08002abc       0xd4 ./Drivers/STM32F1xx_HAL_Driver/Src/stm32f1xx_hal_tim.o
                0x08002abc                TIM_OC2_SetConfig
 .text.TIM_OC3_SetConfig
                0x08002b90       0xd4 ./Drivers/STM32F1xx_HAL_Driver/Src/stm32f1xx_hal_tim.o
 .text.TIM_OC4_SetConfig
                0x08002c64       0x9c ./Drivers/STM32F1xx_HAL_Driver/Src/stm32f1xx_hal_tim.o
 .text.TIM_TI1_ConfigInputStage
                0x08002d00       0x5c ./Drivers/STM32F1xx_HAL_Driver/Src/stm32f1xx_hal_tim.o
 .text.TIM_TI2_ConfigInputStage
                0x08002d5c       0x5e ./Drivers/STM32F1xx_HAL_Driver/Src/stm32f1xx_hal_tim.o
 .text.TIM_ITRx_SetConfig
                0x08002dba       0x34 ./Drivers/STM32F1xx_HAL_Driver/Src/stm32f1xx_hal_tim.o
 .text.TIM_ETR_SetConfig
                0x08002dee       0x3e ./Drivers/STM32F1xx_HAL_Driver/Src/stm32f1xx_hal_tim.o
                0x08002dee                TIM_ETR_SetConfig
 .text.HAL_TIMEx_MasterConfigSynchronization
                0x08002e2c       0xb0 ./Drivers/STM32F1xx_HAL_Driver/Src/stm32f1xx_hal_tim_ex.o
                0x08002e2c                HAL_TIMEx_MasterConfigSynchronization
 .text.HAL_TIMEx_ConfigBreakDeadTime
                0x08002edc       0xa2 ./Drivers/STM32F1xx_HAL_Driver/Src/stm32f1xx_hal_tim_ex.o
                0x08002edc                HAL_TIMEx_ConfigBreakDeadTime
 .text.HAL_TIMEx_CommutCallback
                0x08002f7e       0x12 ./Drivers/STM32F1xx_HAL_Driver/Src/stm32f1xx_hal_tim_ex.o
                0x08002f7e                HAL_TIMEx_CommutCallback
 .text.HAL_TIMEx_BreakCallback
                0x08002f90       0x12 ./Drivers/STM32F1xx_HAL_Driver/Src/stm32f1xx_hal_tim_ex.o
                0x08002f90                HAL_TIMEx_BreakCallback
 .text.HAL_UART_Init
                0x08002fa2       0xa0 ./Drivers/STM32F1xx_HAL_Driver/Src/stm32f1xx_hal_uart.o
                0x08002fa2                HAL_UART_Init
 *fill*         0x08003042        0x2 
 .text.HAL_UART_IRQHandler
                0x08003044      0x524 ./Drivers/STM32F1xx_HAL_Driver/Src/stm32f1xx_hal_uart.o
                0x08003044                HAL_UART_IRQHandler
 .text.HAL_UART_TxCpltCallback
                0x08003568       0x12 ./Drivers/STM32F1xx_HAL_Driver/Src/stm32f1xx_hal_uart.o
                0x08003568                HAL_UART_TxCpltCallback
 .text.HAL_UART_RxCpltCallback
                0x0800357a       0x12 ./Drivers/STM32F1xx_HAL_Driver/Src/stm32f1xx_hal_uart.o
                0x0800357a                HAL_UART_RxCpltCallback
 .text.HAL_UART_ErrorCallback
                0x0800358c       0x12 ./Drivers/STM32F1xx_HAL_Driver/Src/stm32f1xx_hal_uart.o
                0x0800358c                HAL_UART_ErrorCallback
 .text.HAL_UARTEx_RxEventCallback
                0x0800359e       0x16 ./Drivers/STM32F1xx_HAL_Driver/Src/stm32f1xx_hal_uart.o
                0x0800359e                HAL_UARTEx_RxEventCallback
 .text.UART_EndRxTransfer
                0x080035b4       0xc4 ./Drivers/STM32F1xx_HAL_Driver/Src/stm32f1xx_hal_uart.o
 .text.UART_DMAAbortOnError
                0x08003678       0x28 ./Drivers/STM32F1xx_HAL_Driver/Src/stm32f1xx_hal_uart.o
 .text.UART_Transmit_IT
                0x080036a0       0x9e ./Drivers/STM32F1xx_HAL_Driver/Src/stm32f1xx_hal_uart.o
 .text.UART_EndTransmit_IT
                0x0800373e       0x30 ./Drivers/STM32F1xx_HAL_Driver/Src/stm32f1xx_hal_uart.o
 .text.UART_Receive_IT
                0x0800376e      0x17c ./Drivers/STM32F1xx_HAL_Driver/Src/stm32f1xx_hal_uart.o
 *fill*         0x080038ea        0x2 
 .text.UART_SetConfig
                0x080038ec      0x11c ./Drivers/STM32F1xx_HAL_Driver/Src/stm32f1xx_hal_uart.o
 .text.memset   0x08003a08       0x10 /home/mark/st/stm32cubeide_1.18.0_3/plugins/com.st.stm32cube.ide.mcu.externaltools.gnu-tools-for-stm32.13.3.rel1.linux64_1.0.0.202410170706/tools/bin/../lib/gcc/arm-none-eabi/13.3.1/../../../../arm-none-eabi/lib/thumb/v7-m/nofp/libc_nano.a(libc_a-memset.o)
                0x08003a08                memset
 .text.__libc_init_array
                0x08003a18       0x48 /home/mark/st/stm32cubeide_1.18.0_3/plugins/com.st.stm32cube.ide.mcu.externaltools.gnu-tools-for-stm32.13.3.rel1.linux64_1.0.0.202410170706/tools/bin/../lib/gcc/arm-none-eabi/13.3.1/../../../../arm-none-eabi/lib/thumb/v7-m/nofp/libc_nano.a(libc_a-init.o)
                0x08003a18                __libc_init_array
 *(.glue_7)
 .glue_7        0x08003a60        0x0 linker stubs
 *(.glue_7t)
 .glue_7t       0x08003a60        0x0 linker stubs
 *(.eh_frame)
 .eh_frame      0x08003a60        0x0 /home/mark/st/stm32cubeide_1.18.0_3/plugins/com.st.stm32cube.ide.mcu.externaltools.gnu-tools-for-stm32.13.3.rel1.linux64_1.0.0.202410170706/tools/bin/../lib/gcc/arm-none-eabi/13.3.1/thumb/v7-m/nofp/crtbegin.o
 *(.init)
 .init          0x08003a60        0x4 /home/mark/st/stm32cubeide_1.18.0_3/plugins/com.st.stm32cube.ide.mcu.externaltools.gnu-tools-for-stm32.13.3.rel1.linux64_1.0.0.202410170706/tools/bin/../lib/gcc/arm-none-eabi/13.3.1/thumb/v7-m/nofp/crti.o
                0x08003a60                _init
 .init          0x08003a64        0x8 /home/mark/st/stm32cubeide_1.18.0_3/plugins/com.st.stm32cube.ide.mcu.externaltools.gnu-tools-for-stm32.13.3.rel1.linux64_1.0.0.202410170706/tools/bin/../lib/gcc/arm-none-eabi/13.3.1/thumb/v7-m/nofp/crtn.o
 *(.fini)
 .fini          0x08003a6c        0x4 /home/mark/st/stm32cubeide_1.18.0_3/plugins/com.st.stm32cube.ide.mcu.externaltools.gnu-tools-for-stm32.13.3.rel1.linux64_1.0.0.202410170706/tools/bin/../lib/gcc/arm-none-eabi/13.3.1/thumb/v7-m/nofp/crti.o
                0x08003a6c                _fini
 .fini          0x08003a70        0x8 /home/mark/st/stm32cubeide_1.18.0_3/plugins/com.st.stm32cube.ide.mcu.externaltools.gnu-tools-for-stm32.13.3.rel1.linux64_1.0.0.202410170706/tools/bin/../lib/gcc/arm-none-eabi/13.3.1/thumb/v7-m/nofp/crtn.o
                0x08003a78                        . = ALIGN (0x4)
                0x08003a78                        _etext = .

.vfp11_veneer   0x08003a78        0x0
 .vfp11_veneer  0x08003a78        0x0 linker stubs

.v4_bx          0x08003a78        0x0
 .v4_bx         0x08003a78        0x0 linker stubs

.iplt           0x08003a78        0x0
 .iplt          0x08003a78        0x0 /home/mark/st/stm32cubeide_1.18.0_3/plugins/com.st.stm32cube.ide.mcu.externaltools.gnu-tools-for-stm32.13.3.rel1.linux64_1.0.0.202410170706/tools/bin/../lib/gcc/arm-none-eabi/13.3.1/thumb/v7-m/nofp/crtbegin.o

.rodata         0x08003a78       0x7c
                0x08003a78                        . = ALIGN (0x4)
 *(.rodata)
 *(.rodata*)
 .rodata.digit_0
                0x08003a78        0x8 ./Core/Src/main.o
                0x08003a78                digit_0
 .rodata.digit_1
                0x08003a80        0x8 ./Core/Src/main.o
                0x08003a80                digit_1
 .rodata.digit_2
                0x08003a88        0x8 ./Core/Src/main.o
                0x08003a88                digit_2
 .rodata.digit_3
                0x08003a90        0x8 ./Core/Src/main.o
                0x08003a90                digit_3
 .rodata.digit_4
                0x08003a98        0x8 ./Core/Src/main.o
                0x08003a98                digit_4
 .rodata.digit_5
                0x08003aa0        0x8 ./Core/Src/main.o
                0x08003aa0                digit_5
 .rodata.digit_6
                0x08003aa8        0x8 ./Core/Src/main.o
                0x08003aa8                digit_6
 .rodata.digit_7
                0x08003ab0        0x8 ./Core/Src/main.o
                0x08003ab0                digit_7
 .rodata.digit_8
                0x08003ab8        0x8 ./Core/Src/main.o
                0x08003ab8                digit_8
 .rodata.digit_9
                0x08003ac0        0x8 ./Core/Src/main.o
                0x08003ac0                digit_9
 .rodata.AHBPrescTable
                0x08003ac8       0x10 ./Core/Src/system_stm32f1xx.o
                0x08003ac8                AHBPrescTable
 .rodata.APBPrescTable
                0x08003ad8        0x8 ./Core/Src/system_stm32f1xx.o
                0x08003ad8                APBPrescTable
 .rodata.aPLLMULFactorTable.1
                0x08003ae0       0x10 ./Drivers/STM32F1xx_HAL_Driver/Src/stm32f1xx_hal_rcc.o
 .rodata.aPredivFactorTable.0
                0x08003af0        0x2 ./Drivers/STM32F1xx_HAL_Driver/Src/stm32f1xx_hal_rcc.o
                0x08003af4                        . = ALIGN (0x4)
 *fill*         0x08003af2        0x2 

.ARM.extab      0x08003af4        0x0
                0x08003af4                        . = ALIGN (0x4)
 *(.ARM.extab* .gnu.linkonce.armextab.*)
                0x08003af4                        . = ALIGN (0x4)

.ARM            0x08003af4        0x0
                0x08003af4                        . = ALIGN (0x4)
                0x08003af4                        __exidx_start = .
 *(.ARM.exidx*)
                0x08003af4                        __exidx_end = .
                0x08003af4                        . = ALIGN (0x4)

.preinit_array  0x08003af4        0x0
                0x08003af4                        . = ALIGN (0x4)
                0x08003af4                        PROVIDE (__preinit_array_start = .)
 *(.preinit_array*)
                0x08003af4                        PROVIDE (__preinit_array_end = .)
                0x08003af4                        . = ALIGN (0x4)

.init_array     0x08003af4        0x4
                0x08003af4                        . = ALIGN (0x4)
                0x08003af4                        PROVIDE (__init_array_start = .)
 *(SORT_BY_NAME(.init_array.*))
 *(.init_array*)
 .init_array    0x08003af4        0x4 /home/mark/st/stm32cubeide_1.18.0_3/plugins/com.st.stm32cube.ide.mcu.externaltools.gnu-tools-for-stm32.13.3.rel1.linux64_1.0.0.202410170706/tools/bin/../lib/gcc/arm-none-eabi/13.3.1/thumb/v7-m/nofp/crtbegin.o
                0x08003af8                        PROVIDE (__init_array_end = .)
                0x08003af8                        . = ALIGN (0x4)

.fini_array     0x08003af8        0x4
                0x08003af8                        . = ALIGN (0x4)
                [!provide]                        PROVIDE (__fini_array_start = .)
 *(SORT_BY_NAME(.fini_array.*))
 *(.fini_array*)
 .fini_array    0x08003af8        0x4 /home/mark/st/stm32cubeide_1.18.0_3/plugins/com.st.stm32cube.ide.mcu.externaltools.gnu-tools-for-stm32.13.3.rel1.linux64_1.0.0.202410170706/tools/bin/../lib/gcc/arm-none-eabi/13.3.1/thumb/v7-m/nofp/crtbegin.o
                [!provide]                        PROVIDE (__fini_array_end = .)
                0x08003afc                        . = ALIGN (0x4)
                0x08003afc                        _sidata = LOADADDR (.data)

.rel.dyn        0x08003afc        0x0
 .rel.iplt      0x08003afc        0x0 /home/mark/st/stm32cubeide_1.18.0_3/plugins/com.st.stm32cube.ide.mcu.externaltools.gnu-tools-for-stm32.13.3.rel1.linux64_1.0.0.202410170706/tools/bin/../lib/gcc/arm-none-eabi/13.3.1/thumb/v7-m/nofp/crtbegin.o

.data           0x20000000        0xc load address 0x08003afc
                0x20000000                        . = ALIGN (0x4)
                0x20000000                        _sdata = .
 *(.data)
 *(.data*)
 .data.SystemCoreClock
                0x20000000        0x4 ./Core/Src/system_stm32f1xx.o
                0x20000000                SystemCoreClock
 .data.uwTickPrio
                0x20000004        0x4 ./Drivers/STM32F1xx_HAL_Driver/Src/stm32f1xx_hal.o
                0x20000004                uwTickPrio
 .data.uwTickFreq
                0x20000008        0x1 ./Drivers/STM32F1xx_HAL_Driver/Src/stm32f1xx_hal.o
                0x20000008                uwTickFreq
 *(.RamFunc)
 *(.RamFunc*)
                0x2000000c                        . = ALIGN (0x4)
 *fill*         0x20000009        0x3 
                0x2000000c                        _edata = .

.igot.plt       0x2000000c        0x0 load address 0x08003b08
 .igot.plt      0x2000000c        0x0 /home/mark/st/stm32cubeide_1.18.0_3/plugins/com.st.stm32cube.ide.mcu.externaltools.gnu-tools-for-stm32.13.3.rel1.linux64_1.0.0.202410170706/tools/bin/../lib/gcc/arm-none-eabi/13.3.1/thumb/v7-m/nofp/crtbegin.o
                0x2000000c                        . = ALIGN (0x4)

.bss            0x2000000c      0x114 load address 0x08003b08
                0x2000000c                        _sbss = .
                0x2000000c                        __bss_start__ = _sbss
 *(.bss)
 .bss           0x2000000c       0x1c /home/mark/st/stm32cubeide_1.18.0_3/plugins/com.st.stm32cube.ide.mcu.externaltools.gnu-tools-for-stm32.13.3.rel1.linux64_1.0.0.202410170706/tools/bin/../lib/gcc/arm-none-eabi/13.3.1/thumb/v7-m/nofp/crtbegin.o
 *(.bss*)
 .bss.led_state
                0x20000028        0x1 ./Core/Src/main.o
                0x20000028                led_state
 *fill*         0x20000029        0x3 
 .bss.k         0x2000002c        0x4 ./Core/Src/main.o
                0x2000002c                k
 .bss.last_interrupt_time.0
                0x20000030        0x4 ./Core/Src/main.o
 .bss.hspi1     0x20000034       0x58 ./Core/Src/spi.o
                0x20000034                hspi1
 .bss.htim1     0x2000008c       0x48 ./Core/Src/tim.o
                0x2000008c                htim1
 .bss.huart1    0x200000d4       0x48 ./Core/Src/usart.o
                0x200000d4                huart1
 .bss.uwTick    0x2000011c        0x4 ./Drivers/STM32F1xx_HAL_Driver/Src/stm32f1xx_hal.o
                0x2000011c                uwTick
 *(COMMON)
                0x20000120                        . = ALIGN (0x4)
                0x20000120                        _ebss = .
                0x20000120                        __bss_end__ = _ebss

._user_heap_stack
                0x20000120      0x600 load address 0x08003b08
                0x20000120                        . = ALIGN (0x8)
                [!provide]                        PROVIDE (end = .)
                0x20000120                        PROVIDE (_end = .)
                0x20000320                        . = (. + _Min_Heap_Size)
 *fill*         0x20000120      0x200 
                0x20000720                        . = (. + _Min_Stack_Size)
 *fill*         0x20000320      0x400 
                0x20000720                        . = ALIGN (0x8)

/DISCARD/
 libc.a(*)
 libm.a(*)
 libgcc.a(*)

.ARM.attributes
                0x00000000       0x29
 *(.ARM.attributes)
 .ARM.attributes
                0x00000000       0x1d /home/mark/st/stm32cubeide_1.18.0_3/plugins/com.st.stm32cube.ide.mcu.externaltools.gnu-tools-for-stm32.13.3.rel1.linux64_1.0.0.202410170706/tools/bin/../lib/gcc/arm-none-eabi/13.3.1/thumb/v7-m/nofp/crti.o
 .ARM.attributes
                0x0000001d       0x2d /home/mark/st/stm32cubeide_1.18.0_3/plugins/com.st.stm32cube.ide.mcu.externaltools.gnu-tools-for-stm32.13.3.rel1.linux64_1.0.0.202410170706/tools/bin/../lib/gcc/arm-none-eabi/13.3.1/thumb/v7-m/nofp/crtbegin.o
 .ARM.attributes
                0x0000004a       0x2d ./Core/Src/gpio.o
 .ARM.attributes
                0x00000077       0x2d ./Core/Src/main.o
 .ARM.attributes
                0x000000a4       0x2d ./Core/Src/spi.o
 .ARM.attributes
                0x000000d1       0x2d ./Core/Src/stm32f1xx_hal_msp.o
 .ARM.attributes
                0x000000fe       0x2d ./Core/Src/stm32f1xx_it.o
 .ARM.attributes
                0x0000012b       0x2d ./Core/Src/system_stm32f1xx.o
 .ARM.attributes
                0x00000158       0x2d ./Core/Src/tim.o
 .ARM.attributes
                0x00000185       0x2d ./Core/Src/usart.o
 .ARM.attributes
                0x000001b2       0x21 ./Core/Startup/startup_stm32f103c6tx.o
 .ARM.attributes
                0x000001d3       0x2d ./Drivers/STM32F1xx_HAL_Driver/Src/stm32f1xx_hal.o
 .ARM.attributes
                0x00000200       0x2d ./Drivers/STM32F1xx_HAL_Driver/Src/stm32f1xx_hal_cortex.o
 .ARM.attributes
                0x0000022d       0x2d ./Drivers/STM32F1xx_HAL_Driver/Src/stm32f1xx_hal_dma.o
 .ARM.attributes
                0x0000025a       0x2d ./Drivers/STM32F1xx_HAL_Driver/Src/stm32f1xx_hal_gpio.o
 .ARM.attributes
                0x00000287       0x2d ./Drivers/STM32F1xx_HAL_Driver/Src/stm32f1xx_hal_rcc.o
 .ARM.attributes
                0x000002b4       0x2d ./Drivers/STM32F1xx_HAL_Driver/Src/stm32f1xx_hal_spi.o
 .ARM.attributes
                0x000002e1       0x2d ./Drivers/STM32F1xx_HAL_Driver/Src/stm32f1xx_hal_tim.o
 .ARM.attributes
                0x0000030e       0x2d ./Drivers/STM32F1xx_HAL_Driver/Src/stm32f1xx_hal_tim_ex.o
 .ARM.attributes
                0x0000033b       0x2d ./Drivers/STM32F1xx_HAL_Driver/Src/stm32f1xx_hal_uart.o
 .ARM.attributes
                0x00000368       0x2d /home/mark/st/stm32cubeide_1.18.0_3/plugins/com.st.stm32cube.ide.mcu.externaltools.gnu-tools-for-stm32.13.3.rel1.linux64_1.0.0.202410170706/tools/bin/../lib/gcc/arm-none-eabi/13.3.1/../../../../arm-none-eabi/lib/thumb/v7-m/nofp/libc_nano.a(libc_a-memset.o)
 .ARM.attributes
                0x00000395       0x2d /home/mark/st/stm32cubeide_1.18.0_3/plugins/com.st.stm32cube.ide.mcu.externaltools.gnu-tools-for-stm32.13.3.rel1.linux64_1.0.0.202410170706/tools/bin/../lib/gcc/arm-none-eabi/13.3.1/../../../../arm-none-eabi/lib/thumb/v7-m/nofp/libc_nano.a(libc_a-init.o)
 .ARM.attributes
                0x000003c2       0x1d /home/mark/st/stm32cubeide_1.18.0_3/plugins/com.st.stm32cube.ide.mcu.externaltools.gnu-tools-for-stm32.13.3.rel1.linux64_1.0.0.202410170706/tools/bin/../lib/gcc/arm-none-eabi/13.3.1/thumb/v7-m/nofp/crtn.o
OUTPUT(SPI.elf elf32-littlearm)
LOAD linker stubs
LOAD /home/mark/st/stm32cubeide_1.18.0_3/plugins/com.st.stm32cube.ide.mcu.externaltools.gnu-tools-for-stm32.13.3.rel1.linux64_1.0.0.202410170706/tools/bin/../lib/gcc/arm-none-eabi/13.3.1/../../../../arm-none-eabi/lib/thumb/v7-m/nofp/libc.a
LOAD /home/mark/st/stm32cubeide_1.18.0_3/plugins/com.st.stm32cube.ide.mcu.externaltools.gnu-tools-for-stm32.13.3.rel1.linux64_1.0.0.202410170706/tools/bin/../lib/gcc/arm-none-eabi/13.3.1/../../../../arm-none-eabi/lib/thumb/v7-m/nofp/libm.a
LOAD /home/mark/st/stm32cubeide_1.18.0_3/plugins/com.st.stm32cube.ide.mcu.externaltools.gnu-tools-for-stm32.13.3.rel1.linux64_1.0.0.202410170706/tools/bin/../lib/gcc/arm-none-eabi/13.3.1/thumb/v7-m/nofp/libgcc.a

.debug_info     0x00000000     0xe55b
 .debug_info    0x00000000      0x430 ./Core/Src/gpio.o
 .debug_info    0x00000430      0xb9c ./Core/Src/main.o
 .debug_info    0x00000fcc      0x930 ./Core/Src/spi.o
 .debug_info    0x000018fc      0x1f1 ./Core/Src/stm32f1xx_hal_msp.o
 .debug_info    0x00001aed      0xc17 ./Core/Src/stm32f1xx_it.o
 .debug_info    0x00002704      0x222 ./Core/Src/system_stm32f1xx.o
 .debug_info    0x00002926      0xc4a ./Core/Src/tim.o
 .debug_info    0x00003570      0x90c ./Core/Src/usart.o
 .debug_info    0x00003e7c       0x30 ./Core/Startup/startup_stm32f103c6tx.o
 .debug_info    0x00003eac      0x6e6 ./Drivers/STM32F1xx_HAL_Driver/Src/stm32f1xx_hal.o
 .debug_info    0x00004592      0xa69 ./Drivers/STM32F1xx_HAL_Driver/Src/stm32f1xx_hal_cortex.o
 .debug_info    0x00004ffb      0x6d2 ./Drivers/STM32F1xx_HAL_Driver/Src/stm32f1xx_hal_dma.o
 .debug_info    0x000056cd      0x5ab ./Drivers/STM32F1xx_HAL_Driver/Src/stm32f1xx_hal_gpio.o
 .debug_info    0x00005c78      0x7d5 ./Drivers/STM32F1xx_HAL_Driver/Src/stm32f1xx_hal_rcc.o
 .debug_info    0x0000644d     0x142d ./Drivers/STM32F1xx_HAL_Driver/Src/stm32f1xx_hal_spi.o
 .debug_info    0x0000787a     0x2959 ./Drivers/STM32F1xx_HAL_Driver/Src/stm32f1xx_hal_tim.o
 .debug_info    0x0000a1d3     0x149b ./Drivers/STM32F1xx_HAL_Driver/Src/stm32f1xx_hal_tim_ex.o
 .debug_info    0x0000b66e     0x2eed ./Drivers/STM32F1xx_HAL_Driver/Src/stm32f1xx_hal_uart.o

.debug_abbrev   0x00000000     0x248e
 .debug_abbrev  0x00000000      0x161 ./Core/Src/gpio.o
 .debug_abbrev  0x00000161      0x2e8 ./Core/Src/main.o
 .debug_abbrev  0x00000449      0x206 ./Core/Src/spi.o
 .debug_abbrev  0x0000064f       0xdb ./Core/Src/stm32f1xx_hal_msp.o
 .debug_abbrev  0x0000072a      0x1da ./Core/Src/stm32f1xx_it.o
 .debug_abbrev  0x00000904      0x13f ./Core/Src/system_stm32f1xx.o
 .debug_abbrev  0x00000a43      0x236 ./Core/Src/tim.o
 .debug_abbrev  0x00000c79      0x205 ./Core/Src/usart.o
 .debug_abbrev  0x00000e7e       0x24 ./Core/Startup/startup_stm32f103c6tx.o
 .debug_abbrev  0x00000ea2      0x201 ./Drivers/STM32F1xx_HAL_Driver/Src/stm32f1xx_hal.o
 .debug_abbrev  0x000010a3      0x2f8 ./Drivers/STM32F1xx_HAL_Driver/Src/stm32f1xx_hal_cortex.o
 .debug_abbrev  0x0000139b      0x20b ./Drivers/STM32F1xx_HAL_Driver/Src/stm32f1xx_hal_dma.o
 .debug_abbrev  0x000015a6      0x1ca ./Drivers/STM32F1xx_HAL_Driver/Src/stm32f1xx_hal_gpio.o
 .debug_abbrev  0x00001770      0x2b3 ./Drivers/STM32F1xx_HAL_Driver/Src/stm32f1xx_hal_rcc.o
 .debug_abbrev  0x00001a23      0x27a ./Drivers/STM32F1xx_HAL_Driver/Src/stm32f1xx_hal_spi.o
 .debug_abbrev  0x00001c9d      0x277 ./Drivers/STM32F1xx_HAL_Driver/Src/stm32f1xx_hal_tim.o
 .debug_abbrev  0x00001f14      0x282 ./Drivers/STM32F1xx_HAL_Driver/Src/stm32f1xx_hal_tim_ex.o
 .debug_abbrev  0x00002196      0x2f8 ./Drivers/STM32F1xx_HAL_Driver/Src/stm32f1xx_hal_uart.o

.debug_aranges  0x00000000      0xe60
 .debug_aranges
                0x00000000       0x20 ./Core/Src/gpio.o
 .debug_aranges
                0x00000020       0x58 ./Core/Src/main.o
 .debug_aranges
                0x00000078       0x30 ./Core/Src/spi.o
 .debug_aranges
                0x000000a8       0x20 ./Core/Src/stm32f1xx_hal_msp.o
 .debug_aranges
                0x000000c8       0x88 ./Core/Src/stm32f1xx_it.o
 .debug_aranges
                0x00000150       0x28 ./Core/Src/system_stm32f1xx.o
 .debug_aranges
                0x00000178       0x38 ./Core/Src/tim.o
 .debug_aranges
                0x000001b0       0x30 ./Core/Src/usart.o
 .debug_aranges
                0x000001e0       0x28 ./Core/Startup/startup_stm32f103c6tx.o
 .debug_aranges
                0x00000208       0xe0 ./Drivers/STM32F1xx_HAL_Driver/Src/stm32f1xx_hal.o
 .debug_aranges
                0x000002e8      0x100 ./Drivers/STM32F1xx_HAL_Driver/Src/stm32f1xx_hal_cortex.o
 .debug_aranges
                0x000003e8       0x80 ./Drivers/STM32F1xx_HAL_Driver/Src/stm32f1xx_hal_dma.o
 .debug_aranges
                0x00000468       0x58 ./Drivers/STM32F1xx_HAL_Driver/Src/stm32f1xx_hal_gpio.o
 .debug_aranges
                0x000004c0       0x90 ./Drivers/STM32F1xx_HAL_Driver/Src/stm32f1xx_hal_rcc.o
 .debug_aranges
                0x00000550      0x1d0 ./Drivers/STM32F1xx_HAL_Driver/Src/stm32f1xx_hal_spi.o
 .debug_aranges
                0x00000720      0x3d0 ./Drivers/STM32F1xx_HAL_Driver/Src/stm32f1xx_hal_tim.o
 .debug_aranges
                0x00000af0      0x168 ./Drivers/STM32F1xx_HAL_Driver/Src/stm32f1xx_hal_tim_ex.o
 .debug_aranges
                0x00000c58      0x208 ./Drivers/STM32F1xx_HAL_Driver/Src/stm32f1xx_hal_uart.o

.debug_rnglists
                0x00000000      0xb37
 .debug_rnglists
                0x00000000       0x14 ./Core/Src/gpio.o
 .debug_rnglists
                0x00000014       0x40 ./Core/Src/main.o
 .debug_rnglists
                0x00000054       0x20 ./Core/Src/spi.o
 .debug_rnglists
                0x00000074       0x13 ./Core/Src/stm32f1xx_hal_msp.o
 .debug_rnglists
                0x00000087       0x61 ./Core/Src/stm32f1xx_it.o
 .debug_rnglists
                0x000000e8       0x1a ./Core/Src/system_stm32f1xx.o
 .debug_rnglists
                0x00000102       0x26 ./Core/Src/tim.o
 .debug_rnglists
                0x00000128       0x20 ./Core/Src/usart.o
 .debug_rnglists
                0x00000148       0x19 ./Core/Startup/startup_stm32f103c6tx.o
 .debug_rnglists
                0x00000161       0xa3 ./Drivers/STM32F1xx_HAL_Driver/Src/stm32f1xx_hal.o
 .debug_rnglists
                0x00000204       0xbb ./Drivers/STM32F1xx_HAL_Driver/Src/stm32f1xx_hal_cortex.o
 .debug_rnglists
                0x000002bf       0x64 ./Drivers/STM32F1xx_HAL_Driver/Src/stm32f1xx_hal_dma.o
 .debug_rnglists
                0x00000323       0x3f ./Drivers/STM32F1xx_HAL_Driver/Src/stm32f1xx_hal_gpio.o
 .debug_rnglists
                0x00000362       0x6c ./Drivers/STM32F1xx_HAL_Driver/Src/stm32f1xx_hal_rcc.o
 .debug_rnglists
                0x000003ce      0x16e ./Drivers/STM32F1xx_HAL_Driver/Src/stm32f1xx_hal_spi.o
 .debug_rnglists
                0x0000053c      0x31a ./Drivers/STM32F1xx_HAL_Driver/Src/stm32f1xx_hal_tim.o
 .debug_rnglists
                0x00000856      0x125 ./Drivers/STM32F1xx_HAL_Driver/Src/stm32f1xx_hal_tim_ex.o
 .debug_rnglists
                0x0000097b      0x1bc ./Drivers/STM32F1xx_HAL_Driver/Src/stm32f1xx_hal_uart.o

.debug_macro    0x00000000    0x17435
 .debug_macro   0x00000000      0x1c4 ./Core/Src/gpio.o
 .debug_macro   0x000001c4      0xacc ./Core/Src/gpio.o
 .debug_macro   0x00000c90      0x221 ./Core/Src/gpio.o
 .debug_macro   0x00000eb1       0x2e ./Core/Src/gpio.o
 .debug_macro   0x00000edf       0x22 ./Core/Src/gpio.o
 .debug_macro   0x00000f01       0x22 ./Core/Src/gpio.o
 .debug_macro   0x00000f23       0x8e ./Core/Src/gpio.o
 .debug_macro   0x00000fb1       0x51 ./Core/Src/gpio.o
 .debug_macro   0x00001002      0x103 ./Core/Src/gpio.o
 .debug_macro   0x00001105       0x6a ./Core/Src/gpio.o
 .debug_macro   0x0000116f      0x1df ./Core/Src/gpio.o
 .debug_macro   0x0000134e       0x1c ./Core/Src/gpio.o
 .debug_macro   0x0000136a       0x22 ./Core/Src/gpio.o
 .debug_macro   0x0000138c       0xbd ./Core/Src/gpio.o
 .debug_macro   0x00001449      0xd23 ./Core/Src/gpio.o
 .debug_macro   0x0000216c     0xde75 ./Core/Src/gpio.o
 .debug_macro   0x0000ffe1       0x6d ./Core/Src/gpio.o
 .debug_macro   0x0001004e     0x34a2 ./Core/Src/gpio.o
 .debug_macro   0x000134f0      0x190 ./Core/Src/gpio.o
 .debug_macro   0x00013680       0x5c ./Core/Src/gpio.o
 .debug_macro   0x000136dc      0x5bc ./Core/Src/gpio.o
 .debug_macro   0x00013c98      0x1b7 ./Core/Src/gpio.o
 .debug_macro   0x00013e4f      0x1cb ./Core/Src/gpio.o
 .debug_macro   0x0001401a      0x114 ./Core/Src/gpio.o
 .debug_macro   0x0001412e      0x1b2 ./Core/Src/gpio.o
 .debug_macro   0x000142e0       0x27 ./Core/Src/gpio.o
 .debug_macro   0x00014307      0x12f ./Core/Src/gpio.o
 .debug_macro   0x00014436      0x1bc ./Core/Src/gpio.o
 .debug_macro   0x000145f2       0x34 ./Core/Src/gpio.o
 .debug_macro   0x00014626       0x3c ./Core/Src/gpio.o
 .debug_macro   0x00014662       0x57 ./Core/Src/gpio.o
 .debug_macro   0x000146b9       0x87 ./Core/Src/gpio.o
 .debug_macro   0x00014740      0x183 ./Core/Src/gpio.o
 .debug_macro   0x000148c3      0x140 ./Core/Src/gpio.o
 .debug_macro   0x00014a03      0x217 ./Core/Src/gpio.o
 .debug_macro   0x00014c1a      0x8ed ./Core/Src/gpio.o
 .debug_macro   0x00015507      0x28e ./Core/Src/gpio.o
 .debug_macro   0x00015795       0x69 ./Core/Src/gpio.o
 .debug_macro   0x000157fe       0x2e ./Core/Src/gpio.o
 .debug_macro   0x0001582c      0x1e6 ./Core/Src/main.o
 .debug_macro   0x00015a12      0x1c4 ./Core/Src/spi.o
 .debug_macro   0x00015bd6      0x1ba ./Core/Src/stm32f1xx_hal_msp.o
 .debug_macro   0x00015d90      0x1c4 ./Core/Src/stm32f1xx_it.o
 .debug_macro   0x00015f54      0x1ab ./Core/Src/system_stm32f1xx.o
 .debug_macro   0x000160ff      0x1c4 ./Core/Src/tim.o
 .debug_macro   0x000162c3      0x1c4 ./Core/Src/usart.o
 .debug_macro   0x00016487      0x1cf ./Drivers/STM32F1xx_HAL_Driver/Src/stm32f1xx_hal.o
 .debug_macro   0x00016656      0x1ab ./Drivers/STM32F1xx_HAL_Driver/Src/stm32f1xx_hal_cortex.o
 .debug_macro   0x00016801      0x1ab ./Drivers/STM32F1xx_HAL_Driver/Src/stm32f1xx_hal_dma.o
 .debug_macro   0x000169ac      0x216 ./Drivers/STM32F1xx_HAL_Driver/Src/stm32f1xx_hal_gpio.o
 .debug_macro   0x00016bc2      0x1bd ./Drivers/STM32F1xx_HAL_Driver/Src/stm32f1xx_hal_rcc.o
 .debug_macro   0x00016d7f      0x1b3 ./Drivers/STM32F1xx_HAL_Driver/Src/stm32f1xx_hal_spi.o
 .debug_macro   0x00016f32      0x1ac ./Drivers/STM32F1xx_HAL_Driver/Src/stm32f1xx_hal_tim.o
 .debug_macro   0x000170de      0x1ab ./Drivers/STM32F1xx_HAL_Driver/Src/stm32f1xx_hal_tim_ex.o
 .debug_macro   0x00017289      0x1ac ./Drivers/STM32F1xx_HAL_Driver/Src/stm32f1xx_hal_uart.o

.debug_line     0x00000000     0xfec4
 .debug_line    0x00000000      0x6a2 ./Core/Src/gpio.o
 .debug_line    0x000006a2      0x911 ./Core/Src/main.o
 .debug_line    0x00000fb3      0x6f7 ./Core/Src/spi.o
 .debug_line    0x000016aa      0x679 ./Core/Src/stm32f1xx_hal_msp.o
 .debug_line    0x00001d23      0x79f ./Core/Src/stm32f1xx_it.o
 .debug_line    0x000024c2      0x6f7 ./Core/Src/system_stm32f1xx.o
 .debug_line    0x00002bb9      0x77b ./Core/Src/tim.o
 .debug_line    0x00003334      0x6ef ./Core/Src/usart.o
 .debug_line    0x00003a23       0x78 ./Core/Startup/startup_stm32f103c6tx.o
 .debug_line    0x00003a9b      0x928 ./Drivers/STM32F1xx_HAL_Driver/Src/stm32f1xx_hal.o
 .debug_line    0x000043c3      0xaf2 ./Drivers/STM32F1xx_HAL_Driver/Src/stm32f1xx_hal_cortex.o
 .debug_line    0x00004eb5      0xd32 ./Drivers/STM32F1xx_HAL_Driver/Src/stm32f1xx_hal_dma.o
 .debug_line    0x00005be7      0x970 ./Drivers/STM32F1xx_HAL_Driver/Src/stm32f1xx_hal_gpio.o
 .debug_line    0x00006557      0xde1 ./Drivers/STM32F1xx_HAL_Driver/Src/stm32f1xx_hal_rcc.o
 .debug_line    0x00007338     0x1bbf ./Drivers/STM32F1xx_HAL_Driver/Src/stm32f1xx_hal_spi.o
 .debug_line    0x00008ef7     0x33cd ./Drivers/STM32F1xx_HAL_Driver/Src/stm32f1xx_hal_tim.o
 .debug_line    0x0000c2c4     0x17bc ./Drivers/STM32F1xx_HAL_Driver/Src/stm32f1xx_hal_tim_ex.o
 .debug_line    0x0000da80     0x2444 ./Drivers/STM32F1xx_HAL_Driver/Src/stm32f1xx_hal_uart.o

.debug_str      0x00000000    0x862cd
 .debug_str     0x00000000    0x862cd ./Core/Src/gpio.o
                              0x82c11 (size before relaxing)
 .debug_str     0x000862cd    0x83048 ./Core/Src/main.o
 .debug_str     0x000862cd    0x83036 ./Core/Src/spi.o
 .debug_str     0x000862cd    0x828cc ./Core/Src/stm32f1xx_hal_msp.o
 .debug_str     0x000862cd    0x83213 ./Core/Src/stm32f1xx_it.o
 .debug_str     0x000862cd    0x8284c ./Core/Src/system_stm32f1xx.o
 .debug_str     0x000862cd    0x83381 ./Core/Src/tim.o
 .debug_str     0x000862cd    0x8306d ./Core/Src/usart.o
 .debug_str     0x000862cd       0x77 ./Core/Startup/startup_stm32f103c6tx.o
 .debug_str     0x000862cd    0x82f45 ./Drivers/STM32F1xx_HAL_Driver/Src/stm32f1xx_hal.o
 .debug_str     0x000862cd    0x82e91 ./Drivers/STM32F1xx_HAL_Driver/Src/stm32f1xx_hal_cortex.o
 .debug_str     0x000862cd    0x82bf5 ./Drivers/STM32F1xx_HAL_Driver/Src/stm32f1xx_hal_dma.o
 .debug_str     0x000862cd    0x82bd2 ./Drivers/STM32F1xx_HAL_Driver/Src/stm32f1xx_hal_gpio.o
 .debug_str     0x000862cd    0x82c7b ./Drivers/STM32F1xx_HAL_Driver/Src/stm32f1xx_hal_rcc.o
 .debug_str     0x000862cd    0x83172 ./Drivers/STM32F1xx_HAL_Driver/Src/stm32f1xx_hal_spi.o
 .debug_str     0x000862cd    0x83c7d ./Drivers/STM32F1xx_HAL_Driver/Src/stm32f1xx_hal_tim.o
 .debug_str     0x000862cd    0x83489 ./Drivers/STM32F1xx_HAL_Driver/Src/stm32f1xx_hal_tim_ex.o
 .debug_str     0x000862cd    0x832ec ./Drivers/STM32F1xx_HAL_Driver/Src/stm32f1xx_hal_uart.o

.comment        0x00000000       0x43
 .comment       0x00000000       0x43 ./Core/Src/gpio.o
                                 0x44 (size before relaxing)
 .comment       0x00000043       0x44 ./Core/Src/main.o
 .comment       0x00000043       0x44 ./Core/Src/spi.o
 .comment       0x00000043       0x44 ./Core/Src/stm32f1xx_hal_msp.o
 .comment       0x00000043       0x44 ./Core/Src/stm32f1xx_it.o
 .comment       0x00000043       0x44 ./Core/Src/system_stm32f1xx.o
 .comment       0x00000043       0x44 ./Core/Src/tim.o
 .comment       0x00000043       0x44 ./Core/Src/usart.o
 .comment       0x00000043       0x44 ./Drivers/STM32F1xx_HAL_Driver/Src/stm32f1xx_hal.o
 .comment       0x00000043       0x44 ./Drivers/STM32F1xx_HAL_Driver/Src/stm32f1xx_hal_cortex.o
 .comment       0x00000043       0x44 ./Drivers/STM32F1xx_HAL_Driver/Src/stm32f1xx_hal_dma.o
 .comment       0x00000043       0x44 ./Drivers/STM32F1xx_HAL_Driver/Src/stm32f1xx_hal_gpio.o
 .comment       0x00000043       0x44 ./Drivers/STM32F1xx_HAL_Driver/Src/stm32f1xx_hal_rcc.o
 .comment       0x00000043       0x44 ./Drivers/STM32F1xx_HAL_Driver/Src/stm32f1xx_hal_spi.o
 .comment       0x00000043       0x44 ./Drivers/STM32F1xx_HAL_Driver/Src/stm32f1xx_hal_tim.o
 .comment       0x00000043       0x44 ./Drivers/STM32F1xx_HAL_Driver/Src/stm32f1xx_hal_tim_ex.o
 .comment       0x00000043       0x44 ./Drivers/STM32F1xx_HAL_Driver/Src/stm32f1xx_hal_uart.o

.debug_frame    0x00000000     0x3b58
 .debug_frame   0x00000000       0x34 ./Core/Src/gpio.o
 .debug_frame   0x00000034      0x114 ./Core/Src/main.o
 .debug_frame   0x00000148       0x74 ./Core/Src/spi.o
 .debug_frame   0x000001bc       0x38 ./Core/Src/stm32f1xx_hal_msp.o
 .debug_frame   0x000001f4      0x190 ./Core/Src/stm32f1xx_it.o
 .debug_frame   0x00000384       0x58 ./Core/Src/system_stm32f1xx.o
 .debug_frame   0x000003dc       0xa0 ./Core/Src/tim.o
 .debug_frame   0x0000047c       0x74 ./Core/Src/usart.o
 .debug_frame   0x000004f0      0x334 ./Drivers/STM32F1xx_HAL_Driver/Src/stm32f1xx_hal.o
 .debug_frame   0x00000824      0x428 ./Drivers/STM32F1xx_HAL_Driver/Src/stm32f1xx_hal_cortex.o
 .debug_frame   0x00000c4c      0x208 ./Drivers/STM32F1xx_HAL_Driver/Src/stm32f1xx_hal_dma.o
 .debug_frame   0x00000e54      0x14c ./Drivers/STM32F1xx_HAL_Driver/Src/stm32f1xx_hal_gpio.o
 .debug_frame   0x00000fa0      0x218 ./Drivers/STM32F1xx_HAL_Driver/Src/stm32f1xx_hal_rcc.o
 .debug_frame   0x000011b8      0x824 ./Drivers/STM32F1xx_HAL_Driver/Src/stm32f1xx_hal_spi.o
 .debug_frame   0x000019dc     0x11b4 ./Drivers/STM32F1xx_HAL_Driver/Src/stm32f1xx_hal_tim.o
 .debug_frame   0x00002b90      0x638 ./Drivers/STM32F1xx_HAL_Driver/Src/stm32f1xx_hal_tim_ex.o
 .debug_frame   0x000031c8      0x944 ./Drivers/STM32F1xx_HAL_Driver/Src/stm32f1xx_hal_uart.o
 .debug_frame   0x00003b0c       0x20 /home/mark/st/stm32cubeide_1.18.0_3/plugins/com.st.stm32cube.ide.mcu.externaltools.gnu-tools-for-stm32.13.3.rel1.linux64_1.0.0.202410170706/tools/bin/../lib/gcc/arm-none-eabi/13.3.1/../../../../arm-none-eabi/lib/thumb/v7-m/nofp/libc_nano.a(libc_a-memset.o)
 .debug_frame   0x00003b2c       0x2c /home/mark/st/stm32cubeide_1.18.0_3/plugins/com.st.stm32cube.ide.mcu.externaltools.gnu-tools-for-stm32.13.3.rel1.linux64_1.0.0.202410170706/tools/bin/../lib/gcc/arm-none-eabi/13.3.1/../../../../arm-none-eabi/lib/thumb/v7-m/nofp/libc_nano.a(libc_a-init.o)

.debug_line_str
                0x00000000       0x5b
 .debug_line_str
                0x00000000       0x5b ./Core/Startup/startup_stm32f103c6tx.o
